/**
 * This is a model with one enum
 */
export type ModelWithEnum = {
    /**
     * This is a simple enum with strings
     */
    test?: 'Success' | 'Warning' | 'Error' | 'ØÆÅ字符串';
    /**
     * These are the HTTP error code enums
     */
    statusCode?: '100' | '200 FOO' | '300 FOO_BAR' | '400 foo-bar' | '500 foo.bar' | '600 foo&bar';
    /**
     * Simple boolean enum
     */
    bool?: boolean;
};

export const TestEnum = {
    SUCCESS: 'Success',
    WARNING: 'Warning',
    ERROR: 'Error',
    ØÆÅ字符串: 'ØÆÅ字符串',
} as const;

export const StatusCodeEnum = {
    _100: '100',
    _200_FOO: '200 FOO',
    _300_FOO_BAR: '300 FOO_BAR',
    _400_FOO_BAR: '400 foo-bar',
    _500_FOO_BAR: '500 foo.bar',
    _600_FOO_BAR: '600 foo&bar',
} as const;
