export const $ModelWithNullableString = {
    description: `This is a model with one string property`,
    properties: {
        nullableProp: {
            type: 'string',
            description: `This is a simple string property`,
            isNullable: true,
        },
        nullableRequiredProp: {
            type: 'string',
            description: `This is a simple string property`,
            isRequired: true,
            isNullable: true,
        },
    },
} as const;
