export { $_default } from './$_default';
export { $ArrayWithArray } from './$ArrayWithArray';
export { $ArrayWithBooleans } from './$ArrayWithBooleans';
export { $ArrayWithNumbers } from './$ArrayWithNumbers';
export { $ArrayWithProperties } from './$ArrayWithProperties';
export { $ArrayWithReferences } from './$ArrayWithReferences';
export { $ArrayWithStrings } from './$ArrayWithStrings';
export { $CommentWithBackticks } from './$CommentWithBackticks';
export { $CommentWithBreaks } from './$CommentWithBreaks';
export { $CommentWithExpressionPlaceholders } from './$CommentWithExpressionPlaceholders';
export { $CommentWithQuotes } from './$CommentWithQuotes';
export { $CommentWithReservedCharacters } from './$CommentWithReservedCharacters';
export { $CommentWithSlashes } from './$CommentWithSlashes';
export { $Date } from './$Date';
export { $DictionaryWithArray } from './$DictionaryWithArray';
export { $DictionaryWithDictionary } from './$DictionaryWithDictionary';
export { $DictionaryWithProperties } from './$DictionaryWithProperties';
export { $DictionaryWithReference } from './$DictionaryWithReference';
export { $DictionaryWithString } from './$DictionaryWithString';
export { $EnumFromDescription } from './$EnumFromDescription';
export { $EnumWithExtensions } from './$EnumWithExtensions';
export { $EnumWithNumbers } from './$EnumWithNumbers';
export { $EnumWithStrings } from './$EnumWithStrings';
export { $ModelThatExtends } from './$ModelThatExtends';
export { $ModelThatExtendsExtends } from './$ModelThatExtendsExtends';
export { $ModelWithArray } from './$ModelWithArray';
export { $ModelWithBoolean } from './$ModelWithBoolean';
export { $ModelWithCircularReference } from './$ModelWithCircularReference';
export { $ModelWithDictionary } from './$ModelWithDictionary';
export { $ModelWithDuplicateImports } from './$ModelWithDuplicateImports';
export { $ModelWithDuplicateProperties } from './$ModelWithDuplicateProperties';
export { $ModelWithEnum } from './$ModelWithEnum';
export { $ModelWithEnumFromDescription } from './$ModelWithEnumFromDescription';
export { $ModelWithInteger } from './$ModelWithInteger';
export { $ModelWithNestedEnums } from './$ModelWithNestedEnums';
export { $ModelWithNestedProperties } from './$ModelWithNestedProperties';
export { $ModelWithNullableString } from './$ModelWithNullableString';
export { $ModelWithOrderedProperties } from './$ModelWithOrderedProperties';
export { $ModelWithPattern } from './$ModelWithPattern';
export { $ModelWithProperties } from './$ModelWithProperties';
export { $ModelWithReference } from './$ModelWithReference';
export { $ModelWithString } from './$ModelWithString';
export { $NonAsciiStringæøåÆØÅöôêÊ字符串 } from './$NonAsciiStringæøåÆØÅöôêÊ字符串';
export { $SimpleBoolean } from './$SimpleBoolean';
export { $SimpleFile } from './$SimpleFile';
export { $SimpleInteger } from './$SimpleInteger';
export { $SimpleReference } from './$SimpleReference';
export { $SimpleString } from './$SimpleString';
export { $SimpleStringWithPattern } from './$SimpleStringWithPattern';
