export const $ModelWithProperties = {
    description: `This is a model with one nested property`,
    properties: {
        required: {
            type: 'string',
            isRequired: true,
        },
        requiredAndReadOnly: {
            type: 'string',
            isReadOnly: true,
            isRequired: true,
        },
        requiredAndNullable: {
            type: 'string',
            isRequired: true,
            isNullable: true,
        },
        string: {
            type: 'string',
        },
        number: {
            type: 'number',
        },
        boolean: {
            type: 'boolean',
        },
        reference: {
            type: 'ModelWithString',
        },
        'property with space': {
            type: 'string',
        },
        default: {
            type: 'string',
        },
        try: {
            type: 'string',
        },
        '@namespace.string': {
            type: 'string',
            isReadOnly: true,
        },
        '@namespace.integer': {
            type: 'number',
            isReadOnly: true,
        },
    },
} as const;
