export const $ModelWithReadOnlyAndWriteOnly = {
    properties: {
        foo: {
            type: 'string',
            isRequired: true,
        },
        bar: {
            type: 'string',
            isReadOnly: true,
            isRequired: true,
        },
        baz: {
            type: 'string',
            isRequired: true,
        },
    },
} as const;
