import type { CancelablePromise } from '../core/CancelablePromise';
import { OpenAPI } from '../core/OpenAPI';
import { request as __request } from '../core/request';

export type TDataCallWithDescriptions = {
    /**
     * Testing backticks in string: `backticks` and ```multiple backticks``` should work
     */
    parameterWithBackticks?: string;
    /**
     * Testing multiline comments in string: First line
     * Second line
     *
     * Fourth line
     */
    parameterWithBreaks?: string;
    /**
     * Testing expression placeholders in string: ${expression} should work
     */
    parameterWithExpressionPlaceholders?: string;
    /**
     * Testing quotes in string: 'single quote''' and "double quotes""" should work
     */
    parameterWithQuotes?: string;
    /**
     * Testing reserved characters in string: * inline * and ** inline ** should work
     */
    parameterWithReservedCharacters?: string;
    /**
     * Testing slashes in string: \backwards\\\ and /forwards/// should work
     */
    parameterWithSlashes?: string;
};

export class DescriptionsService {
    /**
     * @throws ApiError
     */
    public static callWithDescriptions(data: TDataCallWithDescriptions = {}): CancelablePromise<void> {
        const {
            parameterWithBackticks,
            parameterWithBreaks,
            parameterWithExpressionPlaceholders,
            parameterWithQuotes,
            parameterWithReservedCharacters,
            parameterWithSlashes,
        } = data;
        return __request(OpenAPI, {
            method: 'POST',
            url: '/api/v{api-version}/descriptions/',
            query: {
                parameterWithBreaks,
                parameterWithBackticks,
                parameterWithSlashes,
                parameterWithExpressionPlaceholders,
                parameterWithQuotes,
                parameterWithReservedCharacters,
            },
        });
    }
}
