export { CollectionFormatService } from './CollectionFormatService';
export { ComplexService } from './ComplexService';
export { DefaultService } from './DefaultService';
export { DefaultsService } from './DefaultsService';
export { DescriptionsService } from './DescriptionsService';
export { DuplicateService } from './DuplicateService';
export { ErrorService } from './ErrorService';
export { HeaderService } from './HeaderService';
export { MultipleTags1Service } from './MultipleTags1Service';
export { MultipleTags2Service } from './MultipleTags2Service';
export { MultipleTags3Service } from './MultipleTags3Service';
export { NoContentService } from './NoContentService';
export { NonAsciiÆøåÆøÅöôêÊService } from './NonAsciiÆøåÆøÅöôêÊService';
export { ParametersService } from './ParametersService';
export { ResponseService } from './ResponseService';
export { SimpleService } from './SimpleService';
export { TypesService } from './TypesService';
