import type { ModelThatExtends } from '../models';
import type { ModelThatExtendsExtends } from '../models';
import type { ModelWithString } from '../models';
import type { CancelablePromise } from '../core/CancelablePromise';
import { OpenAPI } from '../core/OpenAPI';
import { request as __request } from '../core/request';

export class ResponseService {
    /**
     * @returns any Response is a simple number
     * @returns void Success
     * @throws ApiError
     */
    public static callWithResponseAndNoContentResponse(): CancelablePromise<any | void> {
        return __request(OpenAPI, {
            method: 'GET',
            url: '/api/v{api-version}/multiple-tags/response-and-no-content',
        });
    }

    /**
     * @returns ModelWithString Message for default response
     * @throws ApiError
     */
    public static callWithResponse(): CancelablePromise<ModelWithString> {
        return __request(OpenAPI, {
            method: 'GET',
            url: '/api/v{api-version}/response',
        });
    }

    /**
     * @returns ModelWithString Message for default response
     * @throws ApiError
     */
    public static callWithDuplicateResponses(): CancelablePromise<ModelWithString> {
        return __request(OpenAPI, {
            method: 'POST',
            url: '/api/v{api-version}/response',
            errors: {
                500: `Message for 500 error`,
                501: `Message for 501 error`,
                502: `Message for 502 error`,
            },
        });
    }

    /**
     * @returns any Message for 200 response
     * @returns ModelWithString Message for default response
     * @returns ModelThatExtends Message for 201 response
     * @returns ModelThatExtendsExtends Message for 202 response
     * @throws ApiError
     */
    public static callWithResponses(): CancelablePromise<
        | {
              readonly '@namespace.string'?: string;
              readonly '@namespace.integer'?: number;
              readonly value?: Array<ModelWithString>;
          }
        | ModelWithString
        | ModelThatExtends
        | ModelThatExtendsExtends
    > {
        return __request(OpenAPI, {
            method: 'PUT',
            url: '/api/v{api-version}/response',
            errors: {
                500: `Message for 500 error`,
                501: `Message for 501 error`,
                502: `Message for 502 error`,
            },
        });
    }
}
