import { Injectable } from '@angular/core';
import { HttpClient } from '@angular/common/http';
import type { Observable } from 'rxjs';

import { OpenAPI } from '../core/OpenAPI';
import { request as __request } from '../core/request';

export type TDataCallWithDescriptions = {
    /**
     * Testing backticks in string: `backticks` and ```multiple backticks``` should work
     */
    parameterWithBackticks?: unknown;
    /**
     * Testing multiline comments in string: First line
     * Second line
     *
     * Fourth line
     */
    parameterWithBreaks?: unknown;
    /**
     * Testing expression placeholders in string: ${expression} should work
     */
    parameterWithExpressionPlaceholders?: unknown;
    /**
     * Testing quotes in string: 'single quote''' and "double quotes""" should work
     */
    parameterWithQuotes?: unknown;
    /**
     * Testing reserved characters in string: * inline * and ** inline ** should work
     */
    parameterWithReservedCharacters?: unknown;
    /**
     * Testing slashes in string: \backwards\\\ and /forwards/// should work
     */
    parameterWithSlashes?: unknown;
};

@Injectable({
    providedIn: 'root',
})
export class DescriptionsService {
    constructor(public readonly http: HttpClient) {}

    /**
     * @throws ApiError
     */
    public callWithDescriptions(data: TDataCallWithDescriptions = {}): Observable<void> {
        const {
            parameterWithBackticks,
            parameterWithBreaks,
            parameterWithExpressionPlaceholders,
            parameterWithQuotes,
            parameterWithReservedCharacters,
            parameterWithSlashes,
        } = data;
        return __request(OpenAPI, this.http, {
            method: 'POST',
            url: '/api/v{api-version}/descriptions/',
            query: {
                parameterWithBreaks,
                parameterWithBackticks,
                parameterWithSlashes,
                parameterWithExpressionPlaceholders,
                parameterWithQuotes,
                parameterWithReservedCharacters,
            },
        });
    }
}
