import { Injectable } from '@angular/core';
import { HttpClient } from '@angular/common/http';
import type { Observable } from 'rxjs';

import { OpenAPI } from '../core/OpenAPI';
import { request as __request } from '../core/request';

@Injectable({
    providedIn: 'root',
})
export class MultipleTags1Service {
    constructor(public readonly http: HttpClient) {}

    /**
     * @returns void Success
     * @throws ApiError
     */
    public dummyA(): Observable<void> {
        return __request(OpenAPI, this.http, {
            method: 'GET',
            url: '/api/v{api-version}/multiple-tags/a',
        });
    }

    /**
     * @returns void Success
     * @throws ApiError
     */
    public dummyB(): Observable<void> {
        return __request(OpenAPI, this.http, {
            method: 'GET',
            url: '/api/v{api-version}/multiple-tags/b',
        });
    }
}
