import { Injectable } from '@angular/core';
import { HttpClient } from '@angular/common/http';
import type { Observable } from 'rxjs';
import type { ModelWithString } from '../models';
import { OpenAPI } from '../core/OpenAPI';
import { request as __request } from '../core/request';

export type TDataPostApiRequestBody = {
    /**
     * A reusable request body
     */
    foo?: ModelWithString;
    /**
     * This is a reusable parameter
     */
    parameter?: string;
};

@Injectable({
    providedIn: 'root',
})
export class RequestBodyService {
    constructor(public readonly http: HttpClient) {}

    /**
     * @throws ApiError
     */
    public postApiRequestBody(data: TDataPostApiRequestBody = {}): Observable<void> {
        const { foo, parameter } = data;
        return __request(OpenAPI, this.http, {
            method: 'POST',
            url: '/api/v{api-version}/requestBody/',
            query: {
                parameter,
            },
            body: foo,
            mediaType: 'application/json',
        });
    }
}
