import type { CancelablePromise } from '../core/CancelablePromise';
import { OpenAPI } from '../core/OpenAPI';
import { request as __request } from '../core/request';

export class MultipleTags1Service {
    /**
     * @returns void Success
     * @throws ApiError
     */
    public static dummyA(): CancelablePromise<void> {
        return __request(OpenAPI, {
            method: 'GET',
            url: '/api/v{api-version}/multiple-tags/a',
        });
    }

    /**
     * @returns void Success
     * @throws ApiError
     */
    public static dummyB(): CancelablePromise<void> {
        return __request(OpenAPI, {
            method: 'GET',
            url: '/api/v{api-version}/multiple-tags/b',
        });
    }
}
