export const $AnyOfAnyAndNull = {
    properties: {
        data: {
            type: 'any-of',
            contains: [
                {
                    properties: {},
                },
                {
                    type: 'null',
                },
            ],
        },
    },
} as const;
