export const $ArrayWithAnyOfProperties = {
    type: 'array',
    contains: {
        type: 'any-of',
        contains: [
            {
                properties: {
                    foo: {
                        type: 'string',
                    },
                },
            },
            {
                properties: {
                    bar: {
                        type: 'string',
                    },
                },
            },
        ],
    },
} as const;
