import type { CancelablePromise } from '../core/CancelablePromise';
import type { BaseHttpRequest } from '../core/BaseHttpRequest';

export class DuplicateService {
    constructor(public readonly httpRequest: BaseHttpRequest) {}

    /**
     * @throws ApiError
     */
    public duplicateName(): CancelablePromise<void> {
        return this.httpRequest.request({
            method: 'GET',
            url: '/api/v{api-version}/duplicate',
        });
    }

    /**
     * @throws ApiError
     */
    public duplicateName1(): CancelablePromise<void> {
        return this.httpRequest.request({
            method: 'POST',
            url: '/api/v{api-version}/duplicate',
        });
    }

    /**
     * @throws ApiError
     */
    public duplicateName2(): CancelablePromise<void> {
        return this.httpRequest.request({
            method: 'PUT',
            url: '/api/v{api-version}/duplicate',
        });
    }

    /**
     * @throws ApiError
     */
    public duplicateName3(): CancelablePromise<void> {
        return this.httpRequest.request({
            method: 'DELETE',
            url: '/api/v{api-version}/duplicate',
        });
    }
}
