import type { CancelablePromise } from '../core/CancelablePromise';
import type { BaseHttpRequest } from '../core/BaseHttpRequest';

export type TDataFileResponse = {
    id: string;
};

export class FileResponseService {
    constructor(public readonly httpRequest: BaseHttpRequest) {}

    /**
     * @returns binary Success
     * @throws ApiError
     */
    public fileResponse(data: TDataFileResponse): CancelablePromise<Blob | File> {
        const { id } = data;
        return this.httpRequest.request({
            method: 'GET',
            url: '/api/v{api-version}/file/{id}',
            path: {
                id,
            },
        });
    }
}
