import type { CancelablePromise } from '../core/CancelablePromise';
import type { BaseHttpRequest } from '../core/BaseHttpRequest';

export class MultipleTags1Service {
    constructor(public readonly httpRequest: BaseHttpRequest) {}

    /**
     * @returns void Success
     * @throws ApiError
     */
    public dummyA(): CancelablePromise<void> {
        return this.httpRequest.request({
            method: 'GET',
            url: '/api/v{api-version}/multiple-tags/a',
        });
    }

    /**
     * @returns void Success
     * @throws ApiError
     */
    public dummyB(): CancelablePromise<void> {
        return this.httpRequest.request({
            method: 'GET',
            url: '/api/v{api-version}/multiple-tags/b',
        });
    }
}
