import type { ModelWithNestedArrayEnumsDataFoo } from '../models/ModelWithNestedArrayEnumsDataFoo';
import type { ModelWithOneOfEnum } from '../models/ModelWithOneOfEnum';
import type { ModelWithString } from '../models/ModelWithString';
import type { Pageable } from '../models/Pageable';
import type { CancelablePromise } from '../core/CancelablePromise';
import type { BaseHttpRequest } from '../core/BaseHttpRequest';

export type TDataDeleteFoo = {
    /**
     * bar in method
     */
    bar: string;
    /**
     * foo in method
     */
    foo: string;
};
export type TDataCallWithParameters = {
    fooAllOfEnum: ModelWithNestedArrayEnumsDataFoo;
    fooRefEnum?: ModelWithNestedArrayEnumsDataFoo;
    /**
     * This is the parameter that goes into the cookie
     */
    parameterCookie: string | null;
    /**
     * This is the parameter that goes into the form data
     */
    parameterForm: string | null;
    /**
     * This is the parameter that goes into the header
     */
    parameterHeader: string | null;
    /**
     * This is the parameter that goes into the path
     */
    parameterPath: string | null;
    /**
     * This is the parameter that goes into the query params
     */
    parameterQuery: string | null;
    /**
     * This is the parameter that goes into the body
     */
    requestBody: ModelWithString | null;
};
export type TDataCallWithWeirdParameterNames = {
    /**
     * This is the parameter with a reserved keyword
     */
    _default?: string;
    /**
     * This is the parameter that goes into the cookie
     */
    parameterCookie: string | null;
    /**
     * This is the parameter that goes into the request form data
     */
    parameterForm: string | null;
    /**
     * This is the parameter that goes into the request header
     */
    parameterHeader: string | null;
    /**
     * This is the parameter that goes into the path
     */
    parameterPath1?: string;
    /**
     * This is the parameter that goes into the path
     */
    parameterPath2?: string;
    /**
     * This is the parameter that goes into the path
     */
    parameterPath3?: string;
    /**
     * This is the parameter that goes into the request query params
     */
    parameterQuery: string | null;
    /**
     * This is the parameter that goes into the body
     */
    requestBody: ModelWithString | null;
};
export type TDataGetCallWithOptionalParam = {
    /**
     * This is an optional parameter
     */
    parameter?: string;
    /**
     * This is a required parameter
     */
    requestBody: ModelWithOneOfEnum;
};
export type TDataPostCallWithOptionalParam = {
    /**
     * This is a required parameter
     */
    parameter: Pageable;
    /**
     * This is an optional parameter
     */
    requestBody?: ModelWithString;
};

export class ParametersService {
    constructor(public readonly httpRequest: BaseHttpRequest) {}

    /**
     * @throws ApiError
     */
    public deleteFoo(data: TDataDeleteFoo): CancelablePromise<void> {
        const { bar, foo } = data;
        return this.httpRequest.request({
            method: 'DELETE',
            url: '/api/v{api-version}/foo/{foo}/bar/{bar}',
            path: {
                foo,
                bar,
            },
        });
    }

    /**
     * @throws ApiError
     */
    public callWithParameters(data: TDataCallWithParameters): CancelablePromise<void> {
        const {
            fooAllOfEnum,
            fooRefEnum,
            parameterCookie,
            parameterForm,
            parameterHeader,
            parameterPath,
            parameterQuery,
            requestBody,
        } = data;
        return this.httpRequest.request({
            method: 'POST',
            url: '/api/v{api-version}/parameters/{parameterPath}',
            path: {
                parameterPath,
            },
            cookies: {
                parameterCookie,
            },
            headers: {
                parameterHeader,
            },
            query: {
                foo_ref_enum: fooRefEnum,
                foo_all_of_enum: fooAllOfEnum,
                parameterQuery,
            },
            formData: {
                parameterForm,
            },
            body: requestBody,
            mediaType: 'application/json',
        });
    }

    /**
     * @throws ApiError
     */
    public callWithWeirdParameterNames(data: TDataCallWithWeirdParameterNames): CancelablePromise<void> {
        const {
            _default,
            parameterCookie,
            parameterForm,
            parameterHeader,
            parameterPath1,
            parameterPath2,
            parameterPath3,
            parameterQuery,
            requestBody,
        } = data;
        return this.httpRequest.request({
            method: 'POST',
            url: '/api/v{api-version}/parameters/{parameter.path.1}/{parameter-path-2}/{PARAMETER-PATH-3}',
            path: {
                'parameter.path.1': parameterPath1,
                'parameter-path-2': parameterPath2,
                'PARAMETER-PATH-3': parameterPath3,
            },
            cookies: {
                'PARAMETER-COOKIE': parameterCookie,
            },
            headers: {
                'parameter.header': parameterHeader,
            },
            query: {
                default: _default,
                'parameter-query': parameterQuery,
            },
            formData: {
                parameter_form: parameterForm,
            },
            body: requestBody,
            mediaType: 'application/json',
        });
    }

    /**
     * @throws ApiError
     */
    public getCallWithOptionalParam(data: TDataGetCallWithOptionalParam): CancelablePromise<void> {
        const { parameter, requestBody } = data;
        return this.httpRequest.request({
            method: 'GET',
            url: '/api/v{api-version}/parameters/',
            query: {
                parameter,
            },
            body: requestBody,
            mediaType: 'application/json',
        });
    }

    /**
     * @throws ApiError
     */
    public postCallWithOptionalParam(data: TDataPostCallWithOptionalParam): CancelablePromise<void> {
        const { parameter, requestBody } = data;
        return this.httpRequest.request({
            method: 'POST',
            url: '/api/v{api-version}/parameters/',
            query: {
                parameter,
            },
            body: requestBody,
            mediaType: 'application/json',
        });
    }
}
