import type { ModelThatExtends } from '../models';
import type { ModelThatExtendsExtends } from '../models';
import type { ModelWithString } from '../models';
import type { CancelablePromise } from '../core/CancelablePromise';
import type { BaseHttpRequest } from '../core/BaseHttpRequest';

export class ResponseService {
    constructor(public readonly httpRequest: BaseHttpRequest) {}

    /**
     * @returns number Response is a simple number
     * @returns void Success
     * @throws ApiError
     */
    public callWithResponseAndNoContentResponse(): CancelablePromise<number | void> {
        return this.httpRequest.request({
            method: 'GET',
            url: '/api/v{api-version}/multiple-tags/response-and-no-content',
        });
    }

    /**
     * @returns ModelWithString
     * @throws ApiError
     */
    public callWithResponse(): CancelablePromise<ModelWithString> {
        return this.httpRequest.request({
            method: 'GET',
            url: '/api/v{api-version}/response',
        });
    }

    /**
     * @returns ModelWithString Message for default response
     * @throws ApiError
     */
    public callWithDuplicateResponses(): CancelablePromise<ModelWithString> {
        return this.httpRequest.request({
            method: 'POST',
            url: '/api/v{api-version}/response',
            errors: {
                500: `Message for 500 error`,
                501: `Message for 501 error`,
                502: `Message for 502 error`,
            },
        });
    }

    /**
     * @returns any Message for 200 response
     * @returns ModelWithString Message for default response
     * @returns ModelThatExtends Message for 201 response
     * @returns ModelThatExtendsExtends Message for 202 response
     * @throws ApiError
     */
    public callWithResponses(): CancelablePromise<
        | {
              readonly '@namespace.string'?: string;
              readonly '@namespace.integer'?: number;
              readonly value?: Array<ModelWithString>;
          }
        | ModelWithString
        | ModelThatExtends
        | ModelThatExtendsExtends
    > {
        return this.httpRequest.request({
            method: 'PUT',
            url: '/api/v{api-version}/response',
            errors: {
                500: `Message for 500 error`,
                501: `Message for 501 error`,
                502: `Message for 502 error`,
            },
        });
    }
}
