import type { ModelWithString } from './ModelWithString';

/**
 * This is a model with one nested property
 */
export type ModelWithProperties = {
    required: string;
    readonly requiredAndReadOnly: string;
    string?: string;
    number?: number;
    boolean?: boolean;
    reference?: ModelWithString;
    'property with space'?: string;
    default?: string;
    try?: string;
    readonly '@namespace.string'?: string;
    readonly '@namespace.integer'?: number;
};
